GDTEST_OK
0
1
2
3
4

0
1
2
3
4

1
2
3
4

1
0
-1
-2
-3
-4
2
4
6
-8
True
False
(10, 20)
(30, 40)
H
e
l
l
o
 
U
n
i
c
Ã´
d
e
 
w
o
r
l
d
!
