GDTEST_OK
>> WARNING
>> Line: 2
>> UNASSIGNED_VARIABLE
>> The variable '__' was used but never assigned a value.
>> WARNING
>> Line: 4
>> UNASSIGNED_VARIABLE_OP_ASSIGN
>> Using assignment with operation but the variable '__' was not previously assigned a value.
